kind: Secret
apiVersion: v1
metadata:
  # todo: remove todo- from name this should actually be checked for but causes failures because previous tests don't clean up properly
  name: todo-ds-pipeline-db-testdsp3
  namespace: namespace3
  labels:
    app: mariadb-extrenal-storage
    component: data-science-pipelines
data:
  password: dGVzdGRic2VjcmV0cHN3dmFsdWUz
type: Opaque
