kind: Secret
apiVersion: v1
metadata:
  # todo: remove todo- this should actually be checked for but causes failures because previous tests don't clean up properly
  name: todo-ds-pipeline-s3-testdsp3
  namespace: namespace3
  labels:
    app: minio-extrenal-storage
    component: data-science-pipelines
data:
  accesskey: dGVzdGFjY2Vzc2tleXZhbHVlMw==
  host: dGVzdHN0b3JhZ2Vob3N0Mw==
  port: ODA=
  secretkey: dGVzdHNlY3JldGtleXZhbHVlMw==
  secure: dHJ1ZQ==
type: Opaque
